
> beswp@0.0.0 build
> tsc

src/controllers/buyerController.ts(873,36): error TS2561: Object literal may only specify known properties, but 'brand' does not exist in type '{ id?: boolean | undefined; title?: boolean | undefined; description?: boolean | undefined; brandId?: boolean | undefined; modelId?: boolean | undefined; year?: boolean | undefined; ... 12 more ...; updatedAt?: boolean | undefined; }'. Did you mean to write 'brandId'?
src/controllers/buyerController.ts(1025,9): error TS2561: Object literal may only specify known properties, but 'brand' does not exist in type '{ id?: boolean | undefined; title?: boolean | undefined; description?: boolean | undefined; brandId?: boolean | undefined; modelId?: boolean | undefined; year?: boolean | undefined; ... 12 more ...; updatedAt?: boolean | undefined; }'. Did you mean to write 'brandId'?
src/controllers/buyerController.ts(1262,13): error TS2561: Object literal may only specify known properties, but 'brand' does not exist in type '{ id?: boolean | undefined; title?: boolean | undefined; description?: boolean | undefined; brandId?: boolean | undefined; modelId?: boolean | undefined; year?: boolean | undefined; ... 12 more ...; updatedAt?: boolean | undefined; }'. Did you mean to write 'brandId'?
src/controllers/inspectorController.ts(200,9): error TS2322: Type 'PgColumn<{ name: "images"; tableName: "bikes"; dataType: "array"; columnType: "PgArray"; data: string[]; driverParam: string | string[]; notNull: true; hasDefault: true; isPrimaryKey: false; isAutoincrement: false; ... 4 more ...; generated: undefined; }, {}, { ...; }>' is not assignable to type 'never'.
src/controllers/inspectorController.ts(201,9): error TS2322: Type 'PgColumn<{ name: "video"; tableName: "bikes"; dataType: "string"; columnType: "PgText"; data: string; driverParam: string; notNull: false; hasDefault: false; isPrimaryKey: false; isAutoincrement: false; ... 4 more ...; generated: undefined; }, {}, {}>' is not assignable to type 'never'.
src/controllers/inspectorController.ts(202,9): error TS2322: Type 'PgColumn<{ name: "status"; tableName: "bikes"; dataType: "string"; columnType: "PgVarchar"; data: string; driverParam: string; notNull: true; hasDefault: true; isPrimaryKey: false; isAutoincrement: false; ... 4 more ...; generated: undefined; }, {}, { ...; }>' is not assignable to type 'never'.
src/controllers/inspectorController.ts(203,9): error TS2322: Type 'PgColumn<{ name: "is_verified"; tableName: "bikes"; dataType: "string"; columnType: "PgVarchar"; data: string; driverParam: string; notNull: false; hasDefault: true; isPrimaryKey: false; isAutoincrement: false; ... 4 more ...; generated: undefined; }, {}, { ...; }>' is not assignable to type 'never'.
src/controllers/inspectorController.ts(204,9): error TS2322: Type 'PgColumn<{ name: "inspection_status"; tableName: "bikes"; dataType: "string"; columnType: "PgVarchar"; data: string; driverParam: string; notNull: false; hasDefault: true; isPrimaryKey: false; isAutoincrement: false; ... 4 more ...; generated: undefined; }, {}, { ...; }>' is not assignable to type 'never'.
src/controllers/inspectorController.ts(205,9): error TS2322: Type 'PgColumn<{ name: "seller_id"; tableName: "bikes"; dataType: "string"; columnType: "PgUUID"; data: string; driverParam: string; notNull: true; hasDefault: false; isPrimaryKey: false; isAutoincrement: false; ... 4 more ...; generated: undefined; }, {}, {}>' is not assignable to type 'never'.
src/controllers/inspectorController.ts(206,9): error TS2322: Type 'PgColumn<{ name: "name"; tableName: "users"; dataType: "string"; columnType: "PgVarchar"; data: string; driverParam: string; notNull: true; hasDefault: false; isPrimaryKey: false; isAutoincrement: false; ... 4 more ...; generated: undefined; }, {}, { ...; }>' is not assignable to type 'never'.
src/controllers/inspectorController.ts(207,9): error TS2322: Type 'PgColumn<{ name: "name"; tableName: "categories"; dataType: "string"; columnType: "PgVarchar"; data: string; driverParam: string; notNull: true; hasDefault: false; isPrimaryKey: false; isAutoincrement: false; ... 4 more ...; generated: undefined; }, {}, { ...; }>' is not assignable to type 'never'.
src/controllers/inspectorController.ts(208,9): error TS2322: Type 'PgColumn<{ name: "created_at"; tableName: "bikes"; dataType: "date"; columnType: "PgTimestamp"; data: Date; driverParam: string; notNull: true; hasDefault: true; isPrimaryKey: false; isAutoincrement: false; ... 4 more ...; generated: undefined; }, {}, {}>' is not assignable to type 'never'.
src/controllers/inspectorController.ts(210,8): error TS2339: Property 'from' does not exist on type 'PgRelationalQuery<{ id: string; createdAt: Date; updatedAt: Date; description: string; brandId: string; title: string; modelId: string; year: number; price: number; condition: string; mileage: number | null; ... 10 more ...; model: { ...; }; }[]>'.
src/controllers/inspectorController.ts(231,25): error TS2551: Property 'brand' does not exist on type 'PgTableWithColumns<{ name: "bikes"; schema: undefined; columns: { id: PgColumn<{ name: "id"; tableName: "bikes"; dataType: "string"; columnType: "PgUUID"; data: string; driverParam: string; notNull: true; hasDefault: true; ... 6 more ...; generated: undefined; }, {}, {}>; ... 17 more ...; updatedAt: PgColumn<...>; }...'. Did you mean 'brandId'?
src/controllers/inspectorController.ts(232,25): error TS2551: Property 'model' does not exist on type 'PgTableWithColumns<{ name: "bikes"; schema: undefined; columns: { id: PgColumn<{ name: "id"; tableName: "bikes"; dataType: "string"; columnType: "PgUUID"; data: string; driverParam: string; notNull: true; hasDefault: true; ... 6 more ...; generated: undefined; }, {}, {}>; ... 17 more ...; updatedAt: PgColumn<...>; }...'. Did you mean 'modelId'?
src/controllers/inspectorController.ts(238,5): error TS2304: Cannot find name 'query'.
src/controllers/inspectorController.ts(238,13): error TS2304: Cannot find name 'query'.
src/controllers/inspectorController.ts(242,7): error TS2304: Cannot find name 'query'.
src/controllers/inspectorController.ts(242,15): error TS2304: Cannot find name 'query'.
src/controllers/inspectorController.ts(244,7): error TS2304: Cannot find name 'query'.
src/controllers/inspectorController.ts(244,15): error TS2304: Cannot find name 'query'.
src/controllers/inspectorController.ts(246,7): error TS2304: Cannot find name 'query'.
src/controllers/inspectorController.ts(246,15): error TS2304: Cannot find name 'query'.
src/controllers/inspectorController.ts(249,7): error TS2304: Cannot find name 'query'.
src/controllers/inspectorController.ts(249,15): error TS2304: Cannot find name 'query'.
src/controllers/inspectorController.ts(252,32): error TS2304: Cannot find name 'query'.
src/controllers/inspectorController.ts(278,22): error TS2551: Property 'brand' does not exist on type 'PgTableWithColumns<{ name: "bikes"; schema: undefined; columns: { id: PgColumn<{ name: "id"; tableName: "bikes"; dataType: "string"; columnType: "PgUUID"; data: string; driverParam: string; notNull: true; hasDefault: true; ... 6 more ...; generated: undefined; }, {}, {}>; ... 17 more ...; updatedAt: PgColumn<...>; }...'. Did you mean 'brandId'?
src/controllers/inspectorController.ts(279,22): error TS2551: Property 'model' does not exist on type 'PgTableWithColumns<{ name: "bikes"; schema: undefined; columns: { id: PgColumn<{ name: "id"; tableName: "bikes"; dataType: "string"; columnType: "PgUUID"; data: string; driverParam: string; notNull: true; hasDefault: true; ... 6 more ...; generated: undefined; }, {}, {}>; ... 17 more ...; updatedAt: PgColumn<...>; }...'. Did you mean 'modelId'?
src/controllers/inspectorController.ts(594,26): error TS2551: Property 'brand' does not exist on type 'PgTableWithColumns<{ name: "bikes"; schema: undefined; columns: { id: PgColumn<{ name: "id"; tableName: "bikes"; dataType: "string"; columnType: "PgUUID"; data: string; driverParam: string; notNull: true; hasDefault: true; ... 6 more ...; generated: undefined; }, {}, {}>; ... 17 more ...; updatedAt: PgColumn<...>; }...'. Did you mean 'brandId'?
src/controllers/inspectorController.ts(595,26): error TS2551: Property 'model' does not exist on type 'PgTableWithColumns<{ name: "bikes"; schema: undefined; columns: { id: PgColumn<{ name: "id"; tableName: "bikes"; dataType: "string"; columnType: "PgUUID"; data: string; driverParam: string; notNull: true; hasDefault: true; ... 6 more ...; generated: undefined; }, {}, {}>; ... 17 more ...; updatedAt: PgColumn<...>; }...'. Did you mean 'modelId'?
src/controllers/inspectorController.ts(614,25): error TS2551: Property 'brand' does not exist on type 'PgTableWithColumns<{ name: "bikes"; schema: undefined; columns: { id: PgColumn<{ name: "id"; tableName: "bikes"; dataType: "string"; columnType: "PgUUID"; data: string; driverParam: string; notNull: true; hasDefault: true; ... 6 more ...; generated: undefined; }, {}, {}>; ... 17 more ...; updatedAt: PgColumn<...>; }...'. Did you mean 'brandId'?
src/controllers/messageController.ts(72,47): error TS2561: Object literal may only specify known properties, but 'brand' does not exist in type '{ id?: boolean | undefined; title?: boolean | undefined; description?: boolean | undefined; brandId?: boolean | undefined; modelId?: boolean | undefined; year?: boolean | undefined; ... 12 more ...; updatedAt?: boolean | undefined; }'. Did you mean to write 'brandId'?
src/controllers/paymentController.ts(87,41): error TS2561: Object literal may only specify known properties, but 'brand' does not exist in type '{ id?: boolean | undefined; title?: boolean | undefined; description?: boolean | undefined; brandId?: boolean | undefined; modelId?: boolean | undefined; year?: boolean | undefined; ... 12 more ...; updatedAt?: boolean | undefined; }'. Did you mean to write 'brandId'?
src/controllers/paymentController.ts(188,41): error TS2561: Object literal may only specify known properties, but 'brand' does not exist in type '{ id?: boolean | undefined; title?: boolean | undefined; description?: boolean | undefined; brandId?: boolean | undefined; modelId?: boolean | undefined; year?: boolean | undefined; ... 12 more ...; updatedAt?: boolean | undefined; }'. Did you mean to write 'brandId'?
src/controllers/paymentController.ts(626,51): error TS2561: Object literal may only specify known properties, but 'brand' does not exist in type '{ id?: boolean | undefined; title?: boolean | undefined; description?: boolean | undefined; brandId?: boolean | undefined; modelId?: boolean | undefined; year?: boolean | undefined; ... 12 more ...; updatedAt?: boolean | undefined; }'. Did you mean to write 'brandId'?
src/controllers/paymentController.ts(1215,55): error TS2561: Object literal may only specify known properties, but 'brand' does not exist in type '{ id?: boolean | undefined; title?: boolean | undefined; description?: boolean | undefined; brandId?: boolean | undefined; modelId?: boolean | undefined; year?: boolean | undefined; ... 12 more ...; updatedAt?: boolean | undefined; }'. Did you mean to write 'brandId'?
src/controllers/sellerController.ts(266,8): error TS2769: No overload matches this call.
  Overload 1 of 2, '(value: { description: string | SQL<unknown> | Placeholder<string, any>; brandId: string | SQL<unknown> | Placeholder<string, any>; title: string | SQL<unknown> | Placeholder<...>; ... 15 more ...; categoryId?: string | ... 3 more ... | undefined; }): PgInsertBase<...>', gave the following error.
    Object literal may only specify known properties, but 'brand' does not exist in type '{ description: string | SQL<unknown> | Placeholder<string, any>; brandId: string | SQL<unknown> | Placeholder<string, any>; title: string | SQL<unknown> | Placeholder<...>; ... 15 more ...; categoryId?: string | ... 3 more ... | undefined; }'. Did you mean to write 'brandId'?
  Overload 2 of 2, '(values: { description: string | SQL<unknown> | Placeholder<string, any>; brandId: string | SQL<unknown> | Placeholder<string, any>; title: string | SQL<unknown> | Placeholder<...>; ... 15 more ...; categoryId?: string | ... 3 more ... | undefined; }[]): PgInsertBase<...>', gave the following error.
    Object literal may only specify known properties, and 'title' does not exist in type '{ description: string | SQL<unknown> | Placeholder<string, any>; brandId: string | SQL<unknown> | Placeholder<string, any>; title: string | SQL<unknown> | Placeholder<...>; ... 15 more ...; categoryId?: string | ... 3 more ... | undefined; }[]'.
src/controllers/sellerController.ts(327,22): error TS2551: Property 'brand' does not exist on type 'PgTableWithColumns<{ name: "bikes"; schema: undefined; columns: { id: PgColumn<{ name: "id"; tableName: "bikes"; dataType: "string"; columnType: "PgUUID"; data: string; driverParam: string; notNull: true; hasDefault: true; ... 6 more ...; generated: undefined; }, {}, {}>; ... 17 more ...; updatedAt: PgColumn<...>; }...'. Did you mean 'brandId'?
src/controllers/sellerController.ts(328,22): error TS2551: Property 'model' does not exist on type 'PgTableWithColumns<{ name: "bikes"; schema: undefined; columns: { id: PgColumn<{ name: "id"; tableName: "bikes"; dataType: "string"; columnType: "PgUUID"; data: string; driverParam: string; notNull: true; hasDefault: true; ... 6 more ...; generated: undefined; }, {}, {}>; ... 17 more ...; updatedAt: PgColumn<...>; }...'. Did you mean 'modelId'?
src/controllers/sellerController.ts(354,9): error TS2561: Object literal may only specify known properties, but 'brand' does not exist in type '{ id?: boolean | undefined; title?: boolean | undefined; description?: boolean | undefined; brandId?: boolean | undefined; modelId?: boolean | undefined; year?: boolean | undefined; ... 12 more ...; updatedAt?: boolean | undefined; }'. Did you mean to write 'brandId'?
src/controllers/sellerController.ts(869,45): error TS2561: Object literal may only specify known properties, but 'brand' does not exist in type '{ id?: boolean | undefined; title?: boolean | undefined; description?: boolean | undefined; brandId?: boolean | undefined; modelId?: boolean | undefined; year?: boolean | undefined; ... 12 more ...; updatedAt?: boolean | undefined; }'. Did you mean to write 'brandId'?
src/controllers/sellerController.ts(937,13): error TS2561: Object literal may only specify known properties, but 'brand' does not exist in type '{ id?: boolean | undefined; title?: boolean | undefined; description?: boolean | undefined; brandId?: boolean | undefined; modelId?: boolean | undefined; year?: boolean | undefined; ... 12 more ...; updatedAt?: boolean | undefined; }'. Did you mean to write 'brandId'?
src/controllers/sellerController.ts(1107,61): error TS2561: Object literal may only specify known properties, but 'brand' does not exist in type '{ id?: boolean | undefined; title?: boolean | undefined; description?: boolean | undefined; brandId?: boolean | undefined; modelId?: boolean | undefined; year?: boolean | undefined; ... 12 more ...; updatedAt?: boolean | undefined; }'. Did you mean to write 'brandId'?
src/routes/adminRoutes.ts(36,8): error TS2307: Cannot find module '../controllers/adminBrandModelController' or its corresponding type declarations.
